
Running 7 tests using 1 worker

  ✘  1 [chromium] › e2e\game-flow.spec.js:10:3 › Complete Game Flow › should complete full game flow with WCAG 2.1 beginner questions (6.3s)
  ✓  2 [chromium] › e2e\game-flow.spec.js:65:3 › Complete Game Flow › should complete full game with WCAG 2.2 questions (1.1s)
  ✓  3 [chromium] › e2e\game-flow.spec.js:95:3 › Complete Game Flow › should allow playing multiple difficulties (1.2s)
  ✓  4 [chromium] › e2e\game-flow.spec.js:118:3 › Complete Game Flow › should handle combined WCAG 2.1 & 2.2 questions (854ms)
  ✓  5 [chromium] › e2e\game-flow.spec.js:141:3 › Complete Game Flow › should track timer during game (2.9s)
  ✘  6 [chromium] › e2e\game-flow.spec.js:163:3 › Complete Game Flow › should display progress bar (5.8s)
  ✓  7 [chromium] › e2e\game-flow.spec.js:182:3 › Complete Game Flow › should show WCAG references in feedback (917ms)


  1) [chromium] › e2e\game-flow.spec.js:10:3 › Complete Game Flow › should complete full game flow with WCAG 2.1 beginner questions 

    Error: [2mexpect([22m[31mlocator[39m[2m).[22mtoBeVisible[2m([22m[2m)[22m failed

    Locator: getByRole('heading', { name: /Enter Your Student ID/i })
    Expected: visible
    Timeout: 5000ms
    Error: element(s) not found

    Call log:
    [2m  - Expect "toBeVisible" with timeout 5000ms[22m
    [2m  - waiting for getByRole('heading', { name: /Enter Your Student ID/i })[22m


      16 |     await expect(
      17 |       page.getByRole("heading", { name: /Enter Your Student ID/i })
    > 18 |     ).toBeVisible();
         |       ^
      19 |     await page.fill('input[name="sid"]', "S123456");
      20 |     await page.click('button:has-text("Continue")');
      21 |
        at D:\git\a11y-game\e2e\game-flow.spec.js:18:7

    attachment #1: screenshot (image/png) ──────────────────────────────────────────────────────────
    test-results\game-flow-Complete-Game-Fl-fa27e-WCAG-2-1-beginner-questions-chromium\test-failed-1.png
    ────────────────────────────────────────────────────────────────────────────────────────────────

    attachment #2: video (video/webm) ──────────────────────────────────────────────────────────────
    test-results\game-flow-Complete-Game-Fl-fa27e-WCAG-2-1-beginner-questions-chromium\video.webm
    ────────────────────────────────────────────────────────────────────────────────────────────────

    Error Context: test-results\game-flow-Complete-Game-Fl-fa27e-WCAG-2-1-beginner-questions-chromium\error-context.md

  2) [chromium] › e2e\game-flow.spec.js:163:3 › Complete Game Flow › should display progress bar ───

    Error: [2mexpect([22m[31mlocator[39m[2m).[22mtoBeVisible[2m([22m[2m)[22m failed

    Locator:  locator('.progress-bar')
    Expected: visible
    Received: hidden
    Timeout:  5000ms

    Call log:
    [2m  - Expect "toBeVisible" with timeout 5000ms[22m
    [2m  - waiting for locator('.progress-bar')[22m
    [2m    9 × locator resolved to <div aria-valuenow="0" aria-valuemin="0" role="progressbar" aria-valuemax="100" class="progress-bar" aria-label="Quiz progress">0%</div>[22m
    [2m      - unexpected value "hidden"[22m


      174 |     // Verify progress bar exists and shows 0%
      175 |     const progressBar = page.locator(".progress-bar");
    > 176 |     await expect(progressBar).toBeVisible();
          |                               ^
      177 |
      178 |     const width = await progressBar.getAttribute("style");
      179 |     expect(width).toContain("0%");
        at D:\git\a11y-game\e2e\game-flow.spec.js:176:31

    attachment #1: screenshot (image/png) ──────────────────────────────────────────────────────────
    test-results\game-flow-Complete-Game-Flow-should-display-progress-bar-chromium\test-failed-1.png
    ────────────────────────────────────────────────────────────────────────────────────────────────

    attachment #2: video (video/webm) ──────────────────────────────────────────────────────────────
    test-results\game-flow-Complete-Game-Flow-should-display-progress-bar-chromium\video.webm
    ────────────────────────────────────────────────────────────────────────────────────────────────

    Error Context: test-results\game-flow-Complete-Game-Flow-should-display-progress-bar-chromium\error-context.md

  2 failed
    [chromium] › e2e\game-flow.spec.js:10:3 › Complete Game Flow › should complete full game flow with WCAG 2.1 beginner questions 
    [chromium] › e2e\game-flow.spec.js:163:3 › Complete Game Flow › should display progress bar ────
  5 passed (1.2m)
